// Jest Snapshot v1, https://goo.gl/fbAQLP

exports[`@snowpack/plugin-postcss passing in a config file 1`] = `
"body {
    background: #fff;
}

#root {
    width: 480px;
    margin: auto;
    padding: 16px;
    box-sizing: border-box;
}

.content {
    color: blue;
}



/*# sourceMappingURL=data:application/json;base64,eyJ2ZXJzaW9uIjozLCJzb3VyY2VzIjpbInN0ZGluIl0sIm5hbWVzIjpbXSwibWFwcGluZ3MiOiJBQUFBO0lBQ0ksZ0JBQWdCO0FBQ3BCOztBQUVBO0lBQ0ksWUFBWTtJQUNaLFlBQVk7SUFDWixhQUFhO0lBQ2Isc0JBQXNCO0FBQzFCOztBQUVBO0lBQ0ksV0FBVztBQUNmIiwiZmlsZSI6InN0ZGluIiwic291cmNlc0NvbnRlbnQiOlsiYm9keSB7XG4gICAgYmFja2dyb3VuZDogI2ZmZjtcbn1cblxuI3Jvb3Qge1xuICAgIHdpZHRoOiA0ODBweDtcbiAgICBtYXJnaW46IGF1dG87XG4gICAgcGFkZGluZzogMTZweDtcbiAgICBib3gtc2l6aW5nOiBib3JkZXItYm94O1xufVxuXG4uY29udGVudCB7XG4gICAgY29sb3I6IGJsdWU7XG59XG5cblxuIl19 */"
`;

exports[`@snowpack/plugin-postcss with no options 1`] = `
"body {
    background: #fff;
}

#root {
    width: 480px;
    margin: auto;
    padding: 16px;
    box-sizing: border-box;
}

.content {
    color: blue;
}



/*# sourceMappingURL=data:application/json;base64,eyJ2ZXJzaW9uIjozLCJzb3VyY2VzIjpbInN0ZGluIl0sIm5hbWVzIjpbXSwibWFwcGluZ3MiOiJBQUFBO0lBQ0ksZ0JBQWdCO0FBQ3BCOztBQUVBO0lBQ0ksWUFBWTtJQUNaLFlBQVk7SUFDWixhQUFhO0lBQ2Isc0JBQXNCO0FBQzFCOztBQUVBO0lBQ0ksV0FBVztBQUNmIiwiZmlsZSI6InN0ZGluIiwic291cmNlc0NvbnRlbnQiOlsiYm9keSB7XG4gICAgYmFja2dyb3VuZDogI2ZmZjtcbn1cblxuI3Jvb3Qge1xuICAgIHdpZHRoOiA0ODBweDtcbiAgICBtYXJnaW46IGF1dG87XG4gICAgcGFkZGluZzogMTZweDtcbiAgICBib3gtc2l6aW5nOiBib3JkZXItYm94O1xufVxuXG4uY29udGVudCB7XG4gICAgY29sb3I6IGJsdWU7XG59XG5cblxuIl19 */"
`;
