// Jest Snapshot v1, https://goo.gl/fbAQLP

exports[`@snowpack/plugin-react-refresh hrm=false, babel=false, isDev=false transforms html correctly 1`] = `undefined`;

exports[`@snowpack/plugin-react-refresh hrm=false, babel=false, isDev=false transforms js correctly 1`] = `undefined`;

exports[`@snowpack/plugin-react-refresh hrm=false, babel=false, isDev=true transforms html correctly 1`] = `undefined`;

exports[`@snowpack/plugin-react-refresh hrm=false, babel=false, isDev=true transforms js correctly 1`] = `undefined`;

exports[`@snowpack/plugin-react-refresh hrm=false, babel=true, isDev=false transforms html correctly 1`] = `undefined`;

exports[`@snowpack/plugin-react-refresh hrm=false, babel=true, isDev=false transforms js correctly 1`] = `undefined`;

exports[`@snowpack/plugin-react-refresh hrm=false, babel=true, isDev=true transforms html correctly 1`] = `undefined`;

exports[`@snowpack/plugin-react-refresh hrm=false, babel=true, isDev=true transforms js correctly 1`] = `undefined`;

exports[`@snowpack/plugin-react-refresh hrm=true, babel=false, isDev=false transforms html correctly 1`] = `undefined`;

exports[`@snowpack/plugin-react-refresh hrm=true, babel=false, isDev=false transforms js correctly 1`] = `undefined`;

exports[`@snowpack/plugin-react-refresh hrm=true, babel=false, isDev=true transforms html correctly 1`] = `
"<!DOCTYPE html>
<html lang=\\"en\\">
  <head>
<script src=\\"/node_modules/@snowpack/plugin-react-refresh/runtime.js\\"></script>
    <meta charset=\\"utf-8\\" />
    <link rel=\\"icon\\" href=\\"/favicon.ico\\" />
    <meta name=\\"viewport\\" content=\\"width=device-width, initial-scale=1\\" />
    <meta name=\\"description\\" content=\\"Web site created using create-snowpack-app\\" />
  </head>
  <body>
    <div id=\\"root\\"></div>
    <noscript>You need to enable JavaScript to run this app.</noscript>
    <script type=\\"module\\" src=\\"/dist/index.js\\"></script>
  </body>
</html>"
`;

exports[`@snowpack/plugin-react-refresh hrm=true, babel=false, isDev=true transforms js correctly 1`] = `
"import React from 'react';
function App() {
  return /* @__PURE__ */ React.createElement('div', null, 'React App');
}
export default App;
"
`;

exports[`@snowpack/plugin-react-refresh hrm=true, babel=true, isDev=false transforms html correctly 1`] = `undefined`;

exports[`@snowpack/plugin-react-refresh hrm=true, babel=true, isDev=false transforms js correctly 1`] = `undefined`;

exports[`@snowpack/plugin-react-refresh hrm=true, babel=true, isDev=true transforms html correctly 1`] = `
"<!DOCTYPE html>
<html lang=\\"en\\">
  <head>
<script src=\\"/node_modules/@snowpack/plugin-react-refresh/runtime.js\\"></script>
    <meta charset=\\"utf-8\\" />
    <link rel=\\"icon\\" href=\\"/favicon.ico\\" />
    <meta name=\\"viewport\\" content=\\"width=device-width, initial-scale=1\\" />
    <meta name=\\"description\\" content=\\"Web site created using create-snowpack-app\\" />
  </head>
  <body>
    <div id=\\"root\\"></div>
    <noscript>You need to enable JavaScript to run this app.</noscript>
    <script type=\\"module\\" src=\\"/dist/index.js\\"></script>
  </body>
</html>"
`;

exports[`@snowpack/plugin-react-refresh hrm=true, babel=true, isDev=true transforms js correctly 1`] = `
"
/** React Refresh: Setup **/
if (import.meta.hot) {
  if (!window.$RefreshReg$ || !window.$RefreshSig$ || !window.$RefreshRuntime$) {
    console.warn(\\"@snowpack/plugin-react-refresh: React Fast Refresh's runtime not found.\\\\nIt is served by default when Snowpack serves your HTML routes.\\\\nTo support other HTML files, add the following \`<script>\` tag immediately after /\`<head>\` tag, and before any other \`<script>\` tag:\\\\n\`<script src=\\\\\\"/node_modules/@snowpack/plugin-react-refresh/runtime.js\\\\\\"></script>\`\\");
  } else {
    var prevRefreshReg = window.$RefreshReg$;
    var prevRefreshSig = window.$RefreshSig$;
    window.$RefreshReg$ = (type, id) => {
      window.$RefreshRuntime$.register(type, \\"stub.js\\" + \\" \\" + id);
    }
    window.$RefreshSig$ = window.$RefreshRuntime$.createSignatureFunctionForTransform;
  }
}

import React from 'react';

function App() {
  return /* @__PURE__ */React.createElement('div', null, 'React App');
}

_c = App;
export default App;

var _c;

$RefreshReg$(_c, \\"App\\");

/** React Refresh: Connect **/
if (import.meta.hot) {
  window.$RefreshReg$ = prevRefreshReg
  window.$RefreshSig$ = prevRefreshSig
  import.meta.hot.accept(() => {
    window.$RefreshRuntime$.performReactRefresh()
  });
}"
`;
