// Jest Snapshot v1, https://goo.gl/fbAQLP

exports[`glob Imports various globs correctly 1`] = `
Object {
  "_snowpack/env.js": "export const MODE = \\"development\\";
export const NODE_ENV = \\"development\\";
export const SSR = false;",
  "deep/nest/globAbsolute.js": "import * as __SNOWPACK_ENV__ from '../../_snowpack/env.js';
import.meta.env = __SNOWPACK_ENV__;

const modules = {
	\\"../../pages/a.js\\": () => import(\\"../../pages/a.js\\"),
	\\"../../pages/b.js\\": () => import(\\"../../pages/b.js\\"),
	\\"../../pages/c.js\\": () => import(\\"../../pages/c.js\\")
};",
  "deep/nest/globAlias.js": "import * as __SNOWPACK_ENV__ from '../../_snowpack/env.js';
import.meta.env = __SNOWPACK_ENV__;

const modules = {
	\\"../../pages/a.js\\": () => import(\\"../../pages/a.js\\"),
	\\"../../pages/b.js\\": () => import(\\"../../pages/b.js\\"),
	\\"../../pages/c.js\\": () => import(\\"../../pages/c.js\\")
};",
  "glob.js": "import * as __SNOWPACK_ENV__ from './_snowpack/env.js';
import.meta.env = __SNOWPACK_ENV__;

const modules = {
	\\"./pages/a.js\\": () => import(\\"./pages/a.js\\"),
	\\"./pages/b.js\\": () => import(\\"./pages/b.js\\"),
	\\"./pages/c.js\\": () => import(\\"./pages/c.js\\")
};",
  "globAbsolute.js": "import * as __SNOWPACK_ENV__ from './_snowpack/env.js';
import.meta.env = __SNOWPACK_ENV__;

const modules = {
	\\"./pages/a.js\\": () => import(\\"./pages/a.js\\"),
	\\"./pages/b.js\\": () => import(\\"./pages/b.js\\"),
	\\"./pages/c.js\\": () => import(\\"./pages/c.js\\")
};",
  "globAlias.js": "import * as __SNOWPACK_ENV__ from './_snowpack/env.js';
import.meta.env = __SNOWPACK_ENV__;

const modules = {
	\\"./pages/a.js\\": () => import(\\"./pages/a.js\\"),
	\\"./pages/b.js\\": () => import(\\"./pages/b.js\\"),
	\\"./pages/c.js\\": () => import(\\"./pages/c.js\\")
};",
  "globCommented.js": "import * as __SNOWPACK_ENV__ from './_snowpack/env.js';
import.meta.env = __SNOWPACK_ENV__;

/* import.meta.glob('./pages/*.js'); */
// import.meta.glob('./pages/*.js');

const modules = null; // import.meta.glob('./pages/*.js');

/* *** //
* import.meta.glob('./pages/*.js');
*/",
  "globEager.js": "import * as __glob__0_0 from './pages/a.js';
import * as __glob__0_1 from './pages/b.js';
import * as __glob__0_2 from './pages/c.js';
import * as __SNOWPACK_ENV__ from './_snowpack/env.js';
import.meta.env = __SNOWPACK_ENV__;

const modules = {
	\\"./pages/a.js\\": __glob__0_0,
	\\"./pages/b.js\\": __glob__0_1,
	\\"./pages/c.js\\": __glob__0_2
};",
  "globSelf.js": "import * as __SNOWPACK_ENV__ from './_snowpack/env.js';
import.meta.env = __SNOWPACK_ENV__;

const modules = {
	\\"./glob.js\\": () => import(\\"./glob.js\\"),
	\\"./globAbsolute.js\\": () => import(\\"./globAbsolute.js\\"),
	\\"./globAlias.js\\": () => import(\\"./globAlias.js\\"),
	\\"./globCommented.js\\": () => import(\\"./globCommented.js\\"),
	\\"./globEager.js\\": () => import(\\"./globEager.js\\")
};",
  "pages/a.js": "export default 'a'",
  "pages/b.js": "export default 'b'",
  "pages/c.js": "export default 'c'",
}
`;
